// Jest Snapshot v1, https://goo.gl/fbAQLP

exports[`AddPaletteForm should match the snapshot 1`] = `ShallowWrapper {}`;
